Microchip MPLAB XC8 Compiler V2.45

Linker command line:

-W-3 \
  --edf=C:\Program Files\Microchip\xc8\v2.45\pic\dat\20230818022343_en.msgs \
  -cn -h+dist/default/production\TP3.X.production.sym \
  --cmf=dist/default/production\TP3.X.production.cmf -z -Q18F25K80 \
  -oC:\Users\e2288053\AppData\Local\Temp\xcAs8m8.\driver_tmp_3.o \
  --defsym=__MPLAB_BUILD=1 --fixupoverflow=error \
  -Mdist/default/production/TP3.X.production.map \
  --md=C:\Users\e2288053\AppData\Local\Temp\xcAs8m8.\driver_tmp_0.dat -E1 \
  -ver=XC8 Compiler --acfsm=1493 -ACODE=00h-07FFFh -ACONST=00h-07FFFh \
  -ASMALLCONST=0F00h-0FFFhx113 -AMEDIUMCONST=0F00h-07FFFh -ACOMRAM=01h-05Fh \
  -AABS1=00h-0E40h -ABIGRAM=01h-0E40h \
  -ARAM=060h-0FFh,0100h-01FFhx13,0E00h-0E40h -ABANK0=060h-0FFh \
  -ABANK1=0100h-01FFh -ABANK2=0200h-02FFh -ABANK3=0300h-03FFh \
  -ABANK4=0400h-04FFh -ABANK5=0500h-05FFh -ABANK6=0600h-06FFh \
  -ABANK7=0700h-07FFh -ABANK8=0800h-08FFh -ABANK9=0900h-09FFh \
  -ABANK10=0A00h-0AFFh -ABANK11=0B00h-0BFFh -ABANK12=0C00h-0CFFh \
  -ABANK13=0D00h-0DFFh -ABANK14=0E00h-0E40h \
  -ASFR=0E41h-0EFFh,0F00h-0F5Fh,0F60h-0FFFh -ABIGSFR=0E41h-0FFFh \
  -ACONFIG=0300000h-030000Dh -AIDLOC=0200000h-0200007h \
  -AEEDATA=0F00000h-0F003FFh -peeprom_data=EEDATA \
  -preset_vec=00h,intcode=08h,intcodelo,powerup,init -pramtop=0F00h \
  -psmallconst=SMALLCONST -pmediumconst=MEDIUMCONST -pconst=CONST \
  -AFARRAM=00h-00h \
  -prdata=COMRAM,nvrram=COMRAM,nvbit=COMRAM,rbss=COMRAM,rbit=COMRAM \
  -pfarbss=FARRAM,fardata=FARRAM,nvFARRAM=FARRAM \
  -pintsave_regs=BIGRAM,bigbss=BIGRAM,bigdata=BIGRAM -pbss=RAM \
  -pidata=CODE,irdata=CODE,ibigdata=CODE,ifardata=CODE -prparam=COMRAM \
  C:\Users\e2288053\AppData\Local\Temp\xcAs8m8.\driver_tmp_9.o \
  dist/default/production\TP3.X.production.o 

Object code version is 3.11

Machine type is 18F25K80



                Name                               Link     Load   Length Selector   Space Scale
C:\Users\e2288053\AppData\Local\Temp\xcAs8m8.\driver_tmp_9.o
                config                           300000   300000        E        0       4
                init                                 8C       8C        4        4       0
                reset_vec                             0        0        4        0       0
dist/default/production\TP3.X.production.o
                intcode                               8        8       84        4       0
                config                           300000   300000        E        0       4
                temp                                 21       21        1        1       1
                smallconst                          F00      F00       BA      780       0
                text20                             11B6     11B6       28      7DD       0
                text19                             11DE     11DE       26      7DD       0
                text18                             12B8     12B8        2      7DD       0
                text17                             10BA     10BA       3C      7DD       0
                text15                             118E     118E       28      7DD       0
                text14                             124C     124C       14      7DD       0
                text13                             12A2     12A2        A      7DD       0
                text12                             1298     1298        A      7DD       0
                text11                             128E     128E        A      7DD       0
                text10                             107C     107C       3E      7DD       0
                text9                              12B4     12B4        4      7DD       0
                text8                              1272     1272       12      7DD       0
                text7                              1166     1166       28      7DD       0
                text6                              1260     1260       12      7DD       0
                text5                              1284     1284        A      7DD       0
                text4                              1130     1130       36      7DD       0
                text3                              121E     121E       1A      7DD       0
                text2                              1204     1204       1A      7DD       0
                text1                              1238     1238       14      7DD       0
                text0                               FBA      FBA       C2      7DD       0
                cstackCOMRAM                          1        1        A        1       1
                dataCOMRAM                           13       13        8        1       1
                bssCOMRAM                            1B       1B        6        1       1
                cinit                              10F6     10F6       3A      7DD       0
                nvCOMRAM                              B        B        8        1       1
                idataCOMRAM                        12AC     12AC        8      7DD       0

TOTAL           Name                               Link     Load   Length     Space
        CLASS   CODE           
                intcode                               8        8       84         0
                init                                 8C       8C        4         0
                reset_vec                             0        0        4         0
                text20                             11B6     11B6       28         0
                text19                             11DE     11DE       26         0
                text18                             12B8     12B8        2         0
                text17                             10BA     10BA       3C         0
                text15                             118E     118E       28         0
                text14                             124C     124C       14         0
                text13                             12A2     12A2        A         0
                text12                             1298     1298        A         0
                text11                             128E     128E        A         0
                text10                             107C     107C       3E         0
                text9                              12B4     12B4        4         0
                text8                              1272     1272       12         0
                text7                              1166     1166       28         0
                text6                              1260     1260       12         0
                text5                              1284     1284        A         0
                text4                              1130     1130       36         0
                text3                              121E     121E       1A         0
                text2                              1204     1204       1A         0
                text1                              1238     1238       14         0
                text0                               FBA      FBA       C2         0
                cinit                              10F6     10F6       3A         0
                idataCOMRAM                        12AC     12AC        8         0

        CLASS   CONST          

        CLASS   SMALLCONST     
                smallconst                          F00      F00       BA         0

        CLASS   MEDIUMCONST    

        CLASS   COMRAM         
                temp                                 21       21        1         1
                cstackCOMRAM                          1        1        A         1
                dataCOMRAM                           13       13        8         1
                bssCOMRAM                            1B       1B        6         1
                nvCOMRAM                              B        B        8         1

        CLASS   ABS1           

        CLASS   BIGRAM         

        CLASS   RAM            

        CLASS   BANK0          

        CLASS   BANK1          

        CLASS   BANK2          

        CLASS   BANK3          

        CLASS   BANK4          

        CLASS   BANK5          

        CLASS   BANK6          

        CLASS   BANK7          

        CLASS   BANK8          

        CLASS   BANK9          

        CLASS   BANK10         

        CLASS   BANK11         

        CLASS   BANK12         

        CLASS   BANK13         

        CLASS   BANK14         

        CLASS   SFR            

        CLASS   BIGSFR         

        CLASS   CONFIG         
                config                           300000   300000        E         4

        CLASS   IDLOC          

        CLASS   EEDATA         

        CLASS   FARRAM         

        CLASS   HEAP           

        CLASS   STACK          



SEGMENTS        Name                           Load    Length   Top    Selector   Space  Class

                reset_vec                      000000  000004  000004         0       0  CODE    
                cstackCOMRAM                   000001  000021  000022         1       1  COMRAM  
                intcode                        000008  000088  000090         4       0  CODE    
                smallconst                     000F00  0000BA  000FBA       780       0  SMALLCON
                text0                          000FBA  000300  0012BA       7DD       0  CODE    


UNUSED ADDRESS RANGES

        Name                Unused          Largest block    Delta
        BANK0            000060-0000FF               A0
        BANK1            000100-0001FF              100
        BANK10           000A00-000AFF              100
        BANK11           000B00-000BFF              100
        BANK12           000C00-000CFF              100
        BANK13           000D00-000DFF              100
        BANK14           000E00-000E40               41
        BANK2            000200-0002FF              100
        BANK3            000300-0003FF              100
        BANK4            000400-0004FF              100
        BANK5            000500-0005FF              100
        BANK6            000600-0006FF              100
        BANK7            000700-0007FF              100
        BANK8            000800-0008FF              100
        BANK9            000900-0009FF              100
        BIGRAM           000022-000E40              E1F
        BIGSFR           000E41-000FFF              1BF
        CODE             000004-000007                4
                         000090-000EFF              E70
                         0012BA-007FFF             6D46
        COMRAM           000022-00005F               3E
        CONST            000004-000007                4
                         000090-000EFF              E70
                         0012BA-007FFF             6D46
        EEDATA           F00000-F003FF              400
        IDLOC            200000-200007                8
        MEDIUMCONST      0012BA-007FFF             6D46
        RAM              000060-000E40              100
        SFR              000E41-000FFF               BF
        SMALLCONST       0012BA-007FFF              100

                                  Symbol Table

EUSART1_SetErrorHandler@interruptHandler        cstackCOMRAM 000005
EUSART1_SetFramingErrorHandler@interruptHandler cstackCOMRAM 000005
EUSART1_SetOverrunErrorHandler@interruptHandler cstackCOMRAM 000005
SPI_ExchangeByte@data                           cstackCOMRAM 000005
TMR1_SetInterruptHandler@InterruptHandler       cstackCOMRAM 000005
TMR1_WriteTimer@timerVal                        cstackCOMRAM 000001
_ANCON0                                         (abs)        000F5D
_ANCON1                                         (abs)        000F5C
_BAUDCON1                                       (abs)        000FA7
_EUSART1_DefaultErrorHandler                    (abs)        000000
_EUSART1_DefaultFramingErrorHandler             (abs)        000000
_EUSART1_DefaultOverrunErrorHandler             (abs)        000000
_EUSART1_ErrorHandler                           nvCOMRAM     00000D
_EUSART1_FramingErrorHandler                    nvCOMRAM     000011
_EUSART1_Initialize                             text10       00107C
_EUSART1_OverrunErrorHandler                    nvCOMRAM     00000F
_EUSART1_Read                                   text15       00118E
_EUSART1_SetErrorHandler                        text13       0012A2
_EUSART1_SetFramingErrorHandler                 text12       001298
_EUSART1_SetOverrunErrorHandler                 text11       00128E
_EUSART1_is_rx_ready                            text14       00124C
_INTCON2bits                                    (abs)        000FF1
_INTCONbits                                     (abs)        000FF2
_INTERRUPT_Initialize                           text9        0012B4
_INTERRUPT_InterruptManager                     intcode      000008
_LATA                                           (abs)        000F89
_LATAbits                                       (abs)        000F89
_LATB                                           (abs)        000F8A
_LATC                                           (abs)        000F8B
_OSCCON                                         (abs)        000FD3
_OSCCON2                                        (abs)        000FD2
_OSCILLATOR_Initialize                          text8        001272
_OSCTUNE                                        (abs)        000F9B
_PIE1bits                                       (abs)        000F9D
_PIN_MANAGER_Initialize                         text7        001166
_PIR1bits                                       (abs)        000F9E
_RCONbits                                       (abs)        000FD0
_RCREG1                                         (abs)        000FAE
_RCSTA1                                         (abs)        000FAB
_RCSTA1bits                                     (abs)        000FAB
_REFOCON                                        (abs)        000F9A
_SPBRG1                                         (abs)        000FAF
_SPBRGH1                                        (abs)        000F7D
_SPI_ExchangeByte                               text2        001204
_SPI_Initialize                                 text6        001260
_SSPADD                                         (abs)        000FC8
_SSPBUF                                         (abs)        000FC9
_SSPCON1                                        (abs)        000FC6
_SSPCON1bits                                    (abs)        000FC6
_SSPCON2                                        (abs)        000FC5
_SSPSTAT                                        (abs)        000FC7
_SYSTEM_Initialize                              text3        00121E
_T1CON                                          (abs)        000FCD
_T1CONbits                                      (abs)        000FCD
_T1GCON                                         (abs)        000FAA
_T1GCONbits                                     (abs)        000FAA
_TMR1H                                          (abs)        000FCF
_TMR1L                                          (abs)        000FCE
_TMR1_DefaultInterruptHandler                   text18       0012B8
_TMR1_ISR                                       text17       0010BA
_TMR1_Initialize                                text4        001130
_TMR1_InterruptHandler                          nvCOMRAM     00000B
_TMR1_SetInterruptHandler                       text5        001284
_TMR1_WriteTimer                                text20       0011B6
_TRISA                                          (abs)        000F92
_TRISB                                          (abs)        000F93
_TRISC                                          (abs)        000F94
_TRISCbits                                      (abs)        000F94
_TXREG1                                         (abs)        000FAD
_TXSTA1                                         (abs)        000FAC
_TXSTA1bits                                     (abs)        000FAC
_WPUB                                           (abs)        000F5B
__HRAM                                          (abs)        000000
__H__absolute__                                 __absolute__ 000000
__Habs1                                         abs1         000000
__Hbank0                                        bank0        000000
__Hbank1                                        bank1        000000
__Hbank10                                       bank10       000000
__Hbank11                                       bank11       000000
__Hbank12                                       bank12       000000
__Hbank13                                       bank13       000000
__Hbank14                                       bank14       000000
__Hbank2                                        bank2        000000
__Hbank3                                        bank3        000000
__Hbank4                                        bank4        000000
__Hbank5                                        bank5        000000
__Hbank6                                        bank6        000000
__Hbank7                                        bank7        000000
__Hbank8                                        bank8        000000
__Hbank9                                        bank9        000000
__Hbigbss                                       bigbss       000000
__Hbigdata                                      bigdata      000000
__Hbigram                                       bigram       000000
__Hbigsfr                                       bigsfr       000000
__Hbss                                          bss          000000
__HbssCOMRAM                                    bssCOMRAM    000000
__Hcinit                                        cinit        000000
__Hclrtext                                      clrtext      000000
__Hcomram                                       comram       000000
__Hconfig                                       config       30000E
__Hconst                                        const        000000
__HcstackCOMRAM                                 cstackCOMRAM 000000
__Hdata                                         data         000000
__HdataCOMRAM                                   dataCOMRAM   000000
__Heeprom_data                                  eeprom_data  000000
__Hfarbss                                       farbss       000000
__Hfardata                                      fardata      000000
__Hheap                                         heap         000000
__Hibigdata                                     ibigdata     000000
__Hidata                                        idata        000000
__HidataCOMRAM                                  idataCOMRAM  000000
__Hidloc                                        idloc        000000
__Hifardata                                     ifardata     000000
__Hinit                                         init         000090
__Hintcode                                      intcode      00008C
__Hintcode_body                                 intcode_body 000000
__Hintcodelo                                    intcodelo    00008C
__Hintentry                                     intentry     000000
__Hintret                                       intret       000000
__Hintsave_regs                                 intsave_regs 000000
__Hirdata                                       irdata       000000
__Hmediumconst                                  mediumconst  000000
__HnvCOMRAM                                     nvCOMRAM     000000
__HnvFARRAM                                     nvFARRAM     000000
__Hnvbit                                        nvbit        000000
__Hnvrram                                       nvrram       000000
__Hparam                                        rparam       000000
__Hpowerup                                      powerup      00008C
__Hram                                          ram          000000
__Hramtop                                       ramtop       000F00
__Hrbit                                         rbit         000000
__Hrbss                                         rbss         000000
__Hrdata                                        rdata        000000
__Hreset_vec                                    reset_vec    000004
__Hrparam                                       rparam       000000
__Hsfr                                          sfr          000000
__Hsmallconst                                   smallconst   000FBA
__Hspace_0                                      (abs)        0012BA
__Hspace_1                                      (abs)        000022
__Hspace_2                                      (abs)        000000
__Hspace_4                                      (abs)        60000E
__Hstack                                        stack        000000
__Hstruct                                       struct       000000
__Htemp                                         temp         000022
__Htext                                         text         000000
__Htext0                                        text0        000000
__Htext1                                        text1        000000
__Htext10                                       text10       000000
__Htext11                                       text11       000000
__Htext12                                       text12       000000
__Htext13                                       text13       000000
__Htext14                                       text14       000000
__Htext15                                       text15       000000
__Htext17                                       text17       000000
__Htext18                                       text18       000000
__Htext19                                       text19       000000
__Htext2                                        text2        000000
__Htext20                                       text20       000000
__Htext21                                       text21       000000
__Htext3                                        text3        000000
__Htext4                                        text4        000000
__Htext5                                        text5        000000
__Htext6                                        text6        000000
__Htext7                                        text7        000000
__Htext8                                        text8        000000
__Htext9                                        text9        000000
__LRAM                                          (abs)        000001
__L__absolute__                                 __absolute__ 000000
__Labs1                                         abs1         000000
__Lbank0                                        bank0        000000
__Lbank1                                        bank1        000000
__Lbank10                                       bank10       000000
__Lbank11                                       bank11       000000
__Lbank12                                       bank12       000000
__Lbank13                                       bank13       000000
__Lbank14                                       bank14       000000
__Lbank2                                        bank2        000000
__Lbank3                                        bank3        000000
__Lbank4                                        bank4        000000
__Lbank5                                        bank5        000000
__Lbank6                                        bank6        000000
__Lbank7                                        bank7        000000
__Lbank8                                        bank8        000000
__Lbank9                                        bank9        000000
__Lbigbss                                       bigbss       000000
__Lbigdata                                      bigdata      000000
__Lbigram                                       bigram       000000
__Lbigsfr                                       bigsfr       000000
__Lbss                                          bss          000000
__LbssCOMRAM                                    bssCOMRAM    000000
__Lcinit                                        cinit        000000
__Lclrtext                                      clrtext      000000
__Lcomram                                       comram       000000
__Lconfig                                       config       000000
__Lconst                                        const        000000
__LcstackCOMRAM                                 cstackCOMRAM 000000
__Ldata                                         data         000000
__LdataCOMRAM                                   dataCOMRAM   000000
__Leeprom_data                                  eeprom_data  000000
__Lfarbss                                       farbss       000000
__Lfardata                                      fardata      000000
__Lheap                                         heap         000000
__Libigdata                                     ibigdata     000000
__Lidata                                        idata        000000
__LidataCOMRAM                                  idataCOMRAM  000000
__Lidloc                                        idloc        000000
__Lifardata                                     ifardata     000000
__Linit                                         init         00008C
__Lintcode                                      intcode      000008
__Lintcode_body                                 intcode_body 000000
__Lintcodelo                                    intcodelo    00008C
__Lintentry                                     intentry     000000
__Lintret                                       intret       000000
__Lintsave_regs                                 intsave_regs 000000
__Lirdata                                       irdata       000000
__Lmediumconst                                  mediumconst  000000
__LnvCOMRAM                                     nvCOMRAM     000000
__LnvFARRAM                                     nvFARRAM     000000
__Lnvbit                                        nvbit        000000
__Lnvrram                                       nvrram       000000
__Lparam                                        rparam       000000
__Lpowerup                                      powerup      00008C
__Lram                                          ram          000000
__Lramtop                                       ramtop       000F00
__Lrbit                                         rbit         000000
__Lrbss                                         rbss         000000
__Lrdata                                        rdata        000000
__Lreset_vec                                    reset_vec    000000
__Lrparam                                       rparam       000000
__Lsfr                                          sfr          000000
__Lsmallconst                                   smallconst   000F00
__Lspace_0                                      (abs)        000000
__Lspace_1                                      (abs)        000000
__Lspace_2                                      (abs)        000000
__Lspace_4                                      (abs)        000000
__Lstack                                        stack        000000
__Lstruct                                       struct       000000
__Ltemp                                         temp         000021
__Ltext                                         text         000000
__Ltext0                                        text0        000000
__Ltext1                                        text1        000000
__Ltext10                                       text10       000000
__Ltext11                                       text11       000000
__Ltext12                                       text12       000000
__Ltext13                                       text13       000000
__Ltext14                                       text14       000000
__Ltext15                                       text15       000000
__Ltext17                                       text17       000000
__Ltext18                                       text18       000000
__Ltext19                                       text19       000000
__Ltext2                                        text2        000000
__Ltext20                                       text20       000000
__Ltext21                                       text21       000000
__Ltext3                                        text3        000000
__Ltext4                                        text4        000000
__Ltext5                                        text5        000000
__Ltext6                                        text6        000000
__Ltext7                                        text7        000000
__Ltext8                                        text8        000000
__Ltext9                                        text9        000000
__S0                                            (abs)        0012BA
__S1                                            (abs)        000022
__S4                                            (abs)        000000
__S5                                            (abs)        000000
___heap_hi                                      (abs)        000000
___heap_lo                                      (abs)        000000
___inthi_sp                                     stack        000000
___inthi_stack_hi                               stack        000000
___inthi_stack_lo                               stack        000000
___intlo_sp                                     stack        000000
___intlo_stack_hi                               stack        000000
___intlo_stack_lo                               stack        000000
___param_bank                                   (abs)        000000
___rparam_used                                  (abs)        000001
___sp                                           stack        000000
___stack_hi                                     stack        000000
___stack_lo                                     stack        000000
__accesstop                                     (abs)        000060
__activetblptr                                  (abs)        000002
__end_of_EUSART1_Initialize                     text10       0010BA
__end_of_EUSART1_Read                           text15       0011B6
__end_of_EUSART1_SetErrorHandler                text13       0012AC
__end_of_EUSART1_SetFramingErrorHandler         text12       0012A2
__end_of_EUSART1_SetOverrunErrorHandler         text11       001298
__end_of_EUSART1_is_rx_ready                    text14       001260
__end_of_INTERRUPT_Initialize                   text9        0012B8
__end_of_INTERRUPT_InterruptManager             intcode      00008C
__end_of_OSCILLATOR_Initialize                  text8        001284
__end_of_PIN_MANAGER_Initialize                 text7        00118E
__end_of_SPI_ExchangeByte                       text2        00121E
__end_of_SPI_Initialize                         text6        001272
__end_of_SYSTEM_Initialize                      text3        001238
__end_of_TMR1_DefaultInterruptHandler           text18       0012BA
__end_of_TMR1_ISR                               text17       0010F6
__end_of_TMR1_Initialize                        text4        001166
__end_of_TMR1_SetInterruptHandler               text5        00128E
__end_of_TMR1_WriteTimer                        text20       0011DE
__end_of__initialization                        cinit        001122
__end_of_car                                    smallconst   000F79
__end_of_main                                   text0        00107C
__end_of_myTimer1_ISR                           text19       001204
__end_of_out_dig                                text1        00124C
__end_of_sin                                    smallconst   000FB5
__end_of_spi_configuration                      smallconst   000FB9
__end_of_tri                                    smallconst   000F3D
__initialization                                cinit        0010F6
__mediumconst                                   mediumconst  000000
__pbssCOMRAM                                    bssCOMRAM    00001B
__pcinit                                        cinit        0010F6
__pcstackCOMRAM                                 cstackCOMRAM 000001
__pdataCOMRAM                                   dataCOMRAM   000013
__pidataCOMRAM                                  idataCOMRAM  0012AC
__pintcode                                      intcode      000008
__pnvCOMRAM                                     nvCOMRAM     00000B
__psmallconst                                   smallconst   000F00
__ptext0                                        text0        000FBA
__ptext1                                        text1        001238
__ptext10                                       text10       00107C
__ptext11                                       text11       00128E
__ptext12                                       text12       001298
__ptext13                                       text13       0012A2
__ptext14                                       text14       00124C
__ptext15                                       text15       00118E
__ptext17                                       text17       0010BA
__ptext18                                       text18       0012B8
__ptext19                                       text19       0011DE
__ptext2                                        text2        001204
__ptext20                                       text20       0011B6
__ptext21                                       text21       000000
__ptext3                                        text3        00121E
__ptext4                                        text4        001130
__ptext5                                        text5        001284
__ptext6                                        text6        001260
__ptext7                                        text7        001166
__ptext8                                        text8        001272
__ptext9                                        text9        0012B4
__ramtop                                        ramtop       000F00
__smallconst                                    smallconst   000F00
_car                                            smallconst   000F3D
_eusart1RxLastError                             bssCOMRAM    000020
_i                                              bssCOMRAM    00001F
_lecture                                        bssCOMRAM    00001B
_main                                           text0        000FBA
_myTimer1_ISR                                   text19       0011DE
_out_dig                                        text1        001238
_pr                                             dataCOMRAM   000013
_sin                                            smallconst   000F79
_spi_configuration                              smallconst   000FB5
_timer1ReloadVal                                bssCOMRAM    00001D
_tri                                            smallconst   000F01
btemp                                           temp         000021
end_of_initialization                           cinit        001122
int$flags                                       temp         000021
intlevel0                                       text         000000
intlevel1                                       text         000000
intlevel2                                       text         000000
intlevel3                                       text         000000
isa$std                                         (abs)        000001
isa$xinst                                       (abs)        000000
out_dig@x                                       cstackCOMRAM 000006
stackhi                                         (abs)        000000
stacklo                                         (abs)        000000
start                                           init         00008C
start_initialization                            cinit        0010F6
ttemp5                                          temp         000022
ttemp6                                          temp         000025
ttemp7                                          temp         000029
wtemp8                                          temp         000022


MODULE INFORMATION

Module		Function		Class		Link	Load	Size
mcc_generated_files/interrupt_manager.c
		_INTERRUPT_Initialize		CODE           	12B4	0000	4
		_INTERRUPT_InterruptManager		CODE           	0008	0000	132

mcc_generated_files/interrupt_manager.c estimated size: 136

mcc_generated_files/pin_manager.c
		_PIN_MANAGER_Initialize		CODE           	1166	0000	40

mcc_generated_files/pin_manager.c estimated size: 40

mcc_generated_files/spi.c
		_SPI_ExchangeByte		CODE           	1204	0000	26
		_SPI_Initialize		CODE           	1260	0000	18

mcc_generated_files/spi.c estimated size: 44

shared
		_car           		SMALLCONST     	0F3D	0000	60
		_tri           		SMALLCONST     	0F01	0000	60
		_sin           		SMALLCONST     	0F79	0000	60
		__initialization		CODE           	10F6	0000	44
		_spi_configuration		SMALLCONST     	0FB5	0000	4

shared estimated size: 228

mcc_generated_files/eusart1.c
		_EUSART1_is_rx_ready		CODE           	124C	0000	20
		_EUSART1_Initialize		CODE           	107C	0000	62
		_EUSART1_SetFramingErrorHandler		CODE           	1298	0000	10
		_EUSART1_Read  		CODE           	118E	0000	40
		_EUSART1_SetOverrunErrorHandler		CODE           	128E	0000	10
		_EUSART1_SetErrorHandler		CODE           	12A2	0000	10

mcc_generated_files/eusart1.c estimated size: 152

mcc_generated_files/mcc.c
		_OSCILLATOR_Initialize		CODE           	1272	0000	18
		_SYSTEM_Initialize		CODE           	121E	0000	26

mcc_generated_files/mcc.c estimated size: 44

mcc_generated_files/tmr1.c
		_TMR1_Initialize		CODE           	1130	0000	54
		_TMR1_SetInterruptHandler		CODE           	1284	0000	10
		_TMR1_DefaultInterruptHandler		CODE           	12B8	0000	2
		_TMR1_WriteTimer		CODE           	11B6	0000	40
		_TMR1_ISR      		CODE           	10BA	0000	60

mcc_generated_files/tmr1.c estimated size: 166

main.c
		_out_dig       		CODE           	1238	0000	20
		_main          		CODE           	0FBA	0000	194
		_myTimer1_ISR  		CODE           	11DE	0000	38

main.c estimated size: 252

