Microchip MPLAB XC8 Compiler V2.45

Linker command line:

-W-3 \
  --edf=C:\Program Files\Microchip\xc8\v2.45\pic\dat\20230818022343_en.msgs \
  -cn -h+dist/default/debug\TP3.X.debug.sym \
  --cmf=dist/default/debug\TP3.X.debug.cmf -z -Q18F25K80 \
  -oC:\Users\e2288053\AppData\Local\Temp\xcAsbig.\driver_tmp_3.o \
  --defsym=__MPLAB_BUILD=1 --fixupoverflow=error \
  -Mdist/default/debug/TP3.X.debug.map \
  --md=C:\Users\e2288053\AppData\Local\Temp\xcAsbig.\driver_tmp_0.dat -E1 \
  -ver=XC8 Compiler --acfsm=1493 -ACODE=00h-07FFFh -ACONST=00h-07FFFh \
  -ASMALLCONST=0F00h-0FFFhx113 -AMEDIUMCONST=0F00h-07FFFh -ACOMRAM=01h-05Fh \
  -AABS1=00h-0E40h -ABIGRAM=01h-0E40h \
  -ARAM=060h-0FFh,0100h-01FFhx13,0E00h-0E40h -ABANK0=060h-0FFh \
  -ABANK1=0100h-01FFh -ABANK2=0200h-02FFh -ABANK3=0300h-03FFh \
  -ABANK4=0400h-04FFh -ABANK5=0500h-05FFh -ABANK6=0600h-06FFh \
  -ABANK7=0700h-07FFh -ABANK8=0800h-08FFh -ABANK9=0900h-09FFh \
  -ABANK10=0A00h-0AFFh -ABANK11=0B00h-0BFFh -ABANK12=0C00h-0CFFh \
  -ABANK13=0D00h-0DFFh -ABANK14=0E00h-0E40h \
  -ASFR=0E41h-0EFFh,0F00h-0F5Fh,0F60h-0FFFh -ABIGSFR=0E41h-0FFFh \
  -ACONFIG=0300000h-030000Dh -AIDLOC=0200000h-0200007h \
  -AEEDATA=0F00000h-0F003FFh -peeprom_data=EEDATA \
  -preset_vec=00h,intcode,intcodelo,powerup,init -pramtop=0F00h \
  -psmallconst=SMALLCONST -pmediumconst=MEDIUMCONST -pconst=CONST \
  -AFARRAM=00h-00h \
  -prdata=COMRAM,nvrram=COMRAM,nvbit=COMRAM,rbss=COMRAM,rbit=COMRAM \
  -pfarbss=FARRAM,fardata=FARRAM,nvFARRAM=FARRAM \
  -pintsave_regs=BIGRAM,bigbss=BIGRAM,bigdata=BIGRAM -pbss=RAM \
  -pidata=CODE,irdata=CODE,ibigdata=CODE,ifardata=CODE -prparam=COMRAM \
  dist/default/debug\startup.o dist/default/debug\TP3.X.debug.o 

Object code version is 3.11

Machine type is 18F25K80



                Name                               Link     Load   Length Selector   Space Scale
dist/default/debug\startup.o
                config                           300000   300000        E        0       4
                init                                  0        0        4        0       0
dist/default/debug\TP3.X.debug.o
                config                           300000   300000        E        0       4
                smallconst                          F00      F00       B6      780       0
                text5                              102E     102E       12      7DB       0
                text4                               FF4      FF4       26      7DB       0
                text3                              104E     104E        A      7DB       0
                text2                              1058     1058        4      7DB       0
                text1                               FB6      FB6       3E      7DB       0
                text0                              101A     101A       14      7DB       0
                cstackCOMRAM                          1        1        2        1       1
                cinit                              1040     1040        E      7DB       0

TOTAL           Name                               Link     Load   Length     Space
        CLASS   CODE           
                init                                  0        0        4         0
                text5                              102E     102E       12         0
                text4                               FF4      FF4       26         0
                text3                              104E     104E        A         0
                text2                              1058     1058        4         0
                text1                               FB6      FB6       3E         0
                text0                              101A     101A       14         0
                cinit                              1040     1040        E         0

        CLASS   CONST          

        CLASS   SMALLCONST     
                smallconst                          F00      F00       B6         0

        CLASS   MEDIUMCONST    

        CLASS   COMRAM         
                cstackCOMRAM                          1        1        2         1

        CLASS   ABS1           

        CLASS   BIGRAM         

        CLASS   RAM            

        CLASS   BANK0          

        CLASS   BANK1          

        CLASS   BANK2          

        CLASS   BANK3          

        CLASS   BANK4          

        CLASS   BANK5          

        CLASS   BANK6          

        CLASS   BANK7          

        CLASS   BANK8          

        CLASS   BANK9          

        CLASS   BANK10         

        CLASS   BANK11         

        CLASS   BANK12         

        CLASS   BANK13         

        CLASS   BANK14         

        CLASS   SFR            

        CLASS   BIGSFR         

        CLASS   CONFIG         
                config                           300000   300000        E         4

        CLASS   IDLOC          

        CLASS   EEDATA         

        CLASS   FARRAM         

        CLASS   HEAP           

        CLASS   STACK          



SEGMENTS        Name                           Load    Length   Top    Selector   Space  Class

                reset_vec                      000000  000004  000004         0       0  CODE    
                cstackCOMRAM                   000001  000002  000003         1       1  COMRAM  
                smallconst                     000F00  0000B6  000FB6       780       0  SMALLCON
                text1                          000FB6  0000A6  00105C       7DB       0  CODE    


UNUSED ADDRESS RANGES

        Name                Unused          Largest block    Delta
        BANK0            000060-0000FF               A0
        BANK1            000100-0001FF              100
        BANK10           000A00-000AFF              100
        BANK11           000B00-000BFF              100
        BANK12           000C00-000CFF              100
        BANK13           000D00-000DFF              100
        BANK14           000E00-000E40               41
        BANK2            000200-0002FF              100
        BANK3            000300-0003FF              100
        BANK4            000400-0004FF              100
        BANK5            000500-0005FF              100
        BANK6            000600-0006FF              100
        BANK7            000700-0007FF              100
        BANK8            000800-0008FF              100
        BANK9            000900-0009FF              100
        BIGRAM           000003-000E40              E3E
        BIGSFR           000E41-000FFF              1BF
        CODE             000004-000EFF              EFC
                         00105C-007FFF             6FA4
        COMRAM           000003-00005F               5D
        CONST            000004-000EFF              EFC
                         00105C-007FFF             6FA4
        EEDATA           F00000-F003FF              400
        IDLOC            200000-200007                8
        MEDIUMCONST      00105C-007FFF             6FA4
        RAM              000060-000E40              100
        SFR              000E41-000FFF               BF
        SMALLCONST       00105C-007FFF              100

                                  Symbol Table

_ANCON0                         (abs)        000F5D
_ANCON1                         (abs)        000F5C
_INTCON2bits                    (abs)        000FF1
_INTCONbits                     (abs)        000FF2
_LATA                           (abs)        000F89
_LATAbits                       (abs)        000F89
_LATB                           (abs)        000F8A
_LATC                           (abs)        000F8B
_OSCCON                         (abs)        000FD3
_OSCCON2                        (abs)        000FD2
_OSCILLATOR_Initialize          text5        00102E
_OSCTUNE                        (abs)        000F9B
_PIN_MANAGER_Initialize         text4        000FF4
_REFOCON                        (abs)        000F9A
_SSPCON1bits                    (abs)        000FC6
_SYSTEM_Initialize              text3        00104E
_TRISA                          (abs)        000F92
_TRISB                          (abs)        000F93
_TRISC                          (abs)        000F94
_WPUB                           (abs)        000F5B
__HRAM                          (abs)        000000
__H__absolute__                 __absolute__ 000000
__Habs1                         abs1         000000
__Hbank0                        bank0        000000
__Hbank1                        bank1        000000
__Hbank10                       bank10       000000
__Hbank11                       bank11       000000
__Hbank12                       bank12       000000
__Hbank13                       bank13       000000
__Hbank14                       bank14       000000
__Hbank2                        bank2        000000
__Hbank3                        bank3        000000
__Hbank4                        bank4        000000
__Hbank5                        bank5        000000
__Hbank6                        bank6        000000
__Hbank7                        bank7        000000
__Hbank8                        bank8        000000
__Hbank9                        bank9        000000
__Hbigbss                       bigbss       000000
__Hbigdata                      bigdata      000000
__Hbigram                       bigram       000000
__Hbigsfr                       bigsfr       000000
__Hbss                          bss          000000
__Hcinit                        cinit        000000
__Hclrtext                      clrtext      000000
__Hcomram                       comram       000000
__Hconfig                       config       30000E
__Hconst                        const        000000
__HcstackCOMRAM                 cstackCOMRAM 000000
__Hdata                         data         000000
__Heeprom_data                  eeprom_data  000000
__Hfarbss                       farbss       000000
__Hfardata                      fardata      000000
__Hheap                         heap         000000
__Hibigdata                     ibigdata     000000
__Hidata                        idata        000000
__Hidloc                        idloc        000000
__Hifardata                     ifardata     000000
__Hinit                         init         000004
__Hintcode                      intcode      000000
__Hintcode_body                 intcode_body 000000
__Hintcodelo                    intcodelo    000000
__Hintentry                     intentry     000000
__Hintret                       intret       000000
__Hintsave_regs                 intsave_regs 000000
__Hirdata                       irdata       000000
__Hmediumconst                  mediumconst  000000
__HnvFARRAM                     nvFARRAM     000000
__Hnvbit                        nvbit        000000
__Hnvrram                       nvrram       000000
__Hparam                        rparam       000000
__Hpowerup                      powerup      000000
__Hram                          ram          000000
__Hramtop                       ramtop       000F00
__Hrbit                         rbit         000000
__Hrbss                         rbss         000000
__Hrdata                        rdata        000000
__Hreset_vec                    reset_vec    000000
__Hrparam                       rparam       000000
__Hsfr                          sfr          000000
__Hsmallconst                   smallconst   000FB6
__Hspace_0                      (abs)        00105C
__Hspace_1                      (abs)        000003
__Hspace_2                      (abs)        000000
__Hspace_4                      (abs)        60000E
__Hstack                        stack        000000
__Hstruct                       struct       000000
__Htemp                         temp         000000
__Htext                         text         000000
__Htext0                        text0        000000
__Htext1                        text1        000000
__Htext2                        text2        000000
__Htext3                        text3        000000
__Htext4                        text4        000000
__Htext5                        text5        000000
__LRAM                          (abs)        000001
__L__absolute__                 __absolute__ 000000
__Labs1                         abs1         000000
__Lbank0                        bank0        000000
__Lbank1                        bank1        000000
__Lbank10                       bank10       000000
__Lbank11                       bank11       000000
__Lbank12                       bank12       000000
__Lbank13                       bank13       000000
__Lbank14                       bank14       000000
__Lbank2                        bank2        000000
__Lbank3                        bank3        000000
__Lbank4                        bank4        000000
__Lbank5                        bank5        000000
__Lbank6                        bank6        000000
__Lbank7                        bank7        000000
__Lbank8                        bank8        000000
__Lbank9                        bank9        000000
__Lbigbss                       bigbss       000000
__Lbigdata                      bigdata      000000
__Lbigram                       bigram       000000
__Lbigsfr                       bigsfr       000000
__Lbss                          bss          000000
__Lcinit                        cinit        000000
__Lclrtext                      clrtext      000000
__Lcomram                       comram       000000
__Lconfig                       config       000000
__Lconst                        const        000000
__LcstackCOMRAM                 cstackCOMRAM 000000
__Ldata                         data         000000
__Leeprom_data                  eeprom_data  000000
__Lfarbss                       farbss       000000
__Lfardata                      fardata      000000
__Lheap                         heap         000000
__Libigdata                     ibigdata     000000
__Lidata                        idata        000000
__Lidloc                        idloc        000000
__Lifardata                     ifardata     000000
__Linit                         init         000000
__Lintcode                      intcode      000000
__Lintcode_body                 intcode_body 000000
__Lintcodelo                    intcodelo    000000
__Lintentry                     intentry     000000
__Lintret                       intret       000000
__Lintsave_regs                 intsave_regs 000000
__Lirdata                       irdata       000000
__Lmediumconst                  mediumconst  000000
__LnvFARRAM                     nvFARRAM     000000
__Lnvbit                        nvbit        000000
__Lnvrram                       nvrram       000000
__Lparam                        rparam       000000
__Lpowerup                      powerup      000000
__Lram                          ram          000000
__Lramtop                       ramtop       000F00
__Lrbit                         rbit         000000
__Lrbss                         rbss         000000
__Lrdata                        rdata        000000
__Lreset_vec                    reset_vec    000000
__Lrparam                       rparam       000000
__Lsfr                          sfr          000000
__Lsmallconst                   smallconst   000F00
__Lspace_0                      (abs)        000000
__Lspace_1                      (abs)        000000
__Lspace_2                      (abs)        000000
__Lspace_4                      (abs)        000000
__Lstack                        stack        000000
__Lstruct                       struct       000000
__Ltemp                         temp         000000
__Ltext                         text         000000
__Ltext0                        text0        000000
__Ltext1                        text1        000000
__Ltext2                        text2        000000
__Ltext3                        text3        000000
__Ltext4                        text4        000000
__Ltext5                        text5        000000
__S0                            (abs)        00105C
__S1                            (abs)        000003
__S4                            (abs)        000000
__S5                            (abs)        000000
___heap_hi                      (abs)        000000
___heap_lo                      (abs)        000000
___inthi_sp                     stack        000000
___inthi_stack_hi               stack        000000
___inthi_stack_lo               stack        000000
___intlo_sp                     stack        000000
___intlo_stack_hi               stack        000000
___intlo_stack_lo               stack        000000
___param_bank                   (abs)        000000
___rparam_used                  (abs)        000001
___sp                           stack        000000
___stack_hi                     stack        000000
___stack_lo                     stack        000000
__accesstop                     (abs)        000060
__activetblptr                  (abs)        000001
__end_of_OSCILLATOR_Initialize  text5        001040
__end_of_PIN_MANAGER_Initialize text4        00101A
__end_of_SYSTEM_Initialize      text3        001058
__end_of__initialization        cinit        001040
__end_of_car                    smallconst   000F79
__end_of_main                   text0        00102E
__end_of_out_dig                text2        00105C
__end_of_sin                    smallconst   000FB5
__end_of_sinus_60               text1        000FF4
__end_of_tri                    smallconst   000F3D
__initialization                cinit        001040
__mediumconst                   mediumconst  000000
__pcinit                        cinit        001040
__pcstackCOMRAM                 cstackCOMRAM 000001
__psmallconst                   smallconst   000F00
__ptext0                        text0        00101A
__ptext1                        text1        000FB6
__ptext2                        text2        001058
__ptext3                        text3        00104E
__ptext4                        text4        000FF4
__ptext5                        text5        00102E
__ramtop                        ramtop       000F00
__smallconst                    smallconst   000F00
_car                            smallconst   000F3D
_main                           text0        00101A
_out_dig                        text2        001058
_sin                            smallconst   000F79
_sinus_60                       text1        000FB6
_tri                            smallconst   000F01
end_of_initialization           cinit        001040
intlevel0                       text         000000
intlevel1                       text         000000
intlevel2                       text         000000
intlevel3                       text         000000
isa$std                         (abs)        000001
isa$xinst                       (abs)        000000
sinus_60@i                      cstackCOMRAM 000002
stackhi                         (abs)        000000
stacklo                         (abs)        000000
start                           init         000000
start_initialization            cinit        001040


MODULE INFORMATION

Module		Function		Class		Link	Load	Size
mcc_generated_files/pin_manager.c
		_PIN_MANAGER_Initialize		CODE           	0FF4	0000	38

mcc_generated_files/pin_manager.c estimated size: 38

shared
		_car           		SMALLCONST     	0F3D	0000	60
		_tri           		SMALLCONST     	0F01	0000	60
		_sin           		SMALLCONST     	0F79	0000	60
		__initialization		CODE           	1040	0000	1

shared estimated size: 181

mcc_generated_files/mcc.c
		_OSCILLATOR_Initialize		CODE           	102E	0000	18
		_SYSTEM_Initialize		CODE           	104E	0000	10

mcc_generated_files/mcc.c estimated size: 28

main.c
		_out_dig       		CODE           	1058	0000	4
		_main          		CODE           	101A	0000	20
		_sinus_60      		CODE           	0FB6	0000	62

main.c estimated size: 86

